{
    "basic - csv - py": {
        "content": [
            [
                "versions.yml:md5,84d45b8dcf715e8f42c82339832c0f29"
            ]
        ],
        "meta": {
            "nf-test": "0.9.2",
            "nextflow": "24.10.3"
        },
        "timestamp": "2025-02-11T16:24:18.958811"
    },
    "basic - csv - stub": {
        "content": [
            {
                "0": [
                    "titanic_model_modelcheck.log:md5,d41d8cd98f00b204e9800998ecf8427e"
                ],
                "1": [
                    "versions.yml:md5,70fcb1abbe6e6a2f1dad708b98db1843"
                ],
                "log": [
                    "titanic_model_modelcheck.log:md5,d41d8cd98f00b204e9800998ecf8427e"
                ],
                "versions": [
                    "versions.yml:md5,70fcb1abbe6e6a2f1dad708b98db1843"
                ]
            }
        ],
        "meta": {
            "nf-test": "0.9.2",
            "nextflow": "24.10.3"
        },
        "timestamp": "2025-02-11T16:24:24.093869"
    }
}